#-----------------------------------------------------------
# Vivado v2024.1 (64-bit)
# SW Build 5076996 on Wed May 22 18:37:14 MDT 2024
# IP Build 5075265 on Wed May 22 21:45:21 MDT 2024
# SharedData Build 5076995 on Wed May 22 18:29:18 MDT 2024
# Start of session at: Sun Dec 15 13:55:50 2024
# Process ID: 3864
# Current directory: C:/Users/Brandon/fpga_piano/fpga_piano.runs/impl_1
# Command line: vivado.exe -log piano.vdi -applog -product Vivado -messageDb vivado.pb -mode batch -source piano.tcl -notrace
# Log file: C:/Users/Brandon/fpga_piano/fpga_piano.runs/impl_1/piano.vdi
# Journal file: C:/Users/Brandon/fpga_piano/fpga_piano.runs/impl_1\vivado.jou
# Running On        :DESKTOP-7070VCE
# Platform          :Windows Server 2016 or Windows 10
# Operating System  :22631
# Processor Detail  :AMD Ryzen 9 6900HS with Radeon Graphics        
# CPU Frequency     :3294 MHz
# CPU Physical cores:8
# CPU Logical cores :16
# Host memory       :16354 MB
# Swap memory       :10200 MB
# Total Virtual     :26554 MB
# Available Virtual :4393 MB
#-----------------------------------------------------------
source piano.tcl -notrace
